Status Code: 200
Response:
{
  "recommendations": "Based on the portfolio analysis provided, here are specific recommendations. It's crucial to note that the **\"Market Data Summary\" is empty**, which severely limits the ability to provide precise buy/sell timing or make sector-specific recommendations based on current market trends, economic outlook, or sentiment. Therefore, the recommendations will primarily focus on structural improvements to the portfolio based on its internal characteristics.\n\n---\n\n**Executive Summary:**\n\nYour portfolio shows an excellent return of 20% ($3,000 profit on $15,000 investment), which is positive. However, the **extremely low diversification score (22.5)** is a major red flag. While your risk score of 65 indicates a moderately aggressive to aggressive investor, your current portfolio structure likely exposes you to uncompensated, highly concentrated risk. The primary goal will be to significantly improve diversification while maintaining an appropriate risk level.\n\n---\n\n**Recommendations:**\n\n**1. Stocks to add, remove, or reduce exposure:**\n\n*   **Reduce Exposure:** Given the diversification score of 22.5, it is highly probable that you are excessively concentrated in a small number of individual stocks (perhaps 1-3).\n    *   **Action:** Identify your largest holdings. Systematically (e.g., over a few weeks or months, considering tax implications if there are significant gains) reduce your exposure to any single stock that constitutes more than **10-15%** of your total portfolio value. The goal is to free up capital for broader diversification.\n*   **Add Stocks:**\n    *   **Action:** Once capital is freed, prioritize adding stocks that belong to **different sectors and market capitalizations** than your current major holdings.\n    *   **Recommendation:** Aim for a portfolio of **15-25 individual stocks** as a start, focusing on large-cap, established companies that contribute to sector diversity. If your goal isn't active stock picking, consider shifting this capital towards diversified funds (see #3).\n\n**2. Sector diversification improvements:**\n\n*   **Current State:** Your low diversification score strongly suggests a heavy concentration in 1-2 sectors.\n*   **Recommendation:** Diversify across a minimum of **6-8 distinct sectors**.\n    *   **Action:**\n        1.  **Analyze current sector exposure:** Determine which sectors your existing stocks belong to.\n        2.  **Target underrepresented sectors:** Allocate capital to gain exposure to sectors where you currently have little or no presence. Examples include:\n            *   **Consumer Staples:** (e.g., Procter & Gamble, Coca-Cola) for defensive exposure.\n            *   **Healthcare:** (e.g., Johnson & Johnson, UnitedHealth Group) for long-term growth and stability.\n            *   **Financials:** (e.g., JPMorgan Chase, Visa) to participate in economic cycles.\n            *   **Industrials:** (e.g., Caterpillar, Honeywell) to benefit from infrastructure and manufacturing.\n            *   **Utilities:** (e.g., NextEra Energy, Duke Energy) for stable dividends and lower volatility.\n            *   **Materials:** (e.g., Linde, BHP Group) tied to global economic growth.\n            *   If you are heavily in Tech, consider adding Value or Dividend-focused sectors.\n\n**3. Mutual fund allocation:**\n\n*   **Recommendation:** This is arguably the most critical recommendation given your current diversification score. Allocate a significant portion of your portfolio (e.g., **40-60% of your current value and any new investments**) to low-cost, broadly diversified index mutual funds or ETFs.\n*   **Action:**\n    *   **Broad Market Exposure:** Invest in an S&P 500 index fund (e.g., VOO, SPY, IVV) or a total U.S. stock market fund (e.g., VTI, ITOT).\n    *   **International Diversification:** Consider adding a global ex-U.S. equity fund (e.g., VXUS, IXUS) or a total world stock market fund (e.g., VT) to reduce geographic concentration risk.\n    *   **Benefit:** These funds provide immediate diversification across hundreds or thousands of companies and sectors, drastically improving your diversification score with minimal effort and cost.\n\n**4. Gold and bond allocation:**\n\n*   **Risk Profile (65):** While aggressive, even aggressive portfolios benefit from some non-correlated assets.\n*   **Bonds:**\n    *   **Recommendation:** Allocate **15-25%** of your portfolio to high-quality bonds. This will act as a stabilizer during equity market downturns and provide capital preservation.\n    *   **Action:** Consider intermediate-term U.S. Treasury or aggregate bond ETFs (e.g., BND, AGG). Avoid high-yield or long-duration bonds given current market uncertainties (without specific data).\n*   **Gold:**\n    *   **Recommendation:** Allocate a small portion, perhaps **5-10%**, to gold. It acts as a hedge against inflation, geopolitical risk, and severe market downturns.\n    *   **Action:** Invest in a gold ETF (e.g., GLD, IAU) or physical gold if preferred.\n\n**5. Risk reduction strategies:**\n\n*   **Primary Strategy: Drastically Improve Diversification:** As highlighted, this is your paramount risk reduction strategy.\n*   **Dollar-Cost Averaging (DCA):** For any new investments, consistently invest a fixed amount at regular intervals (e.g., monthly). This reduces the risk of investing a lump sum at a market peak.\n*   **Rebalancing:** Periodically (e.g., annually or semi-annually), review your asset allocation. If one asset class or sector has grown significantly and now exceeds your target allocation, trim it back to your desired percentage and reallocate to underperforming assets to maintain your target risk profile.\n*   **Emergency Fund:** Ensure you have an adequately funded emergency fund (3-6 months of living expenses) in a liquid, low-risk account, separate from your investment portfolio. This prevents needing to sell investments at inopportune times.\n*   **Understand Your Holdings:** Even with funds, know what you own. For individual stocks, understand the business, its competitive landscape, and its specific risks.\n\n**6. Buy/sell timing suggestions:**\n\n*   **Caveat:** Without any market data (e.g., economic indicators, sector performance, analyst sentiment, technical analysis), providing specific timing advice is impossible and would be irresponsible.\n*   **General Principles for Your Portfolio Structure:**\n    *   **Selling:**\n        *   **Gradual Reduction:** When reducing exposure to overconcentrated positions (as per point #1), do so gradually, especially if they have significant unrealized gains. This can help manage capital gains taxes.\n        *   **Rebalance Sales:** Use rebalancing as a disciplined selling strategy \u2013 sell assets that have grown disproportionately to bring them back to target allocations.\n    *   **Buying:**\n        *   **Dollar-Cost Averaging:** For all new capital and for purchasing diversified funds, implement DCA. This spreads out your purchase risk over time.\n        *   **Focus on Allocation:** Your immediate \"buy\" priority should be to acquire assets (funds, bonds, gold, diverse stocks) that fill your current diversification gaps, rather than trying to time market bottoms.\n        *   **Market Downturns (General Strategy, not current advice):** If and when market downturns occur, consider them opportunities to buy into broad market funds at lower prices, consistent with your DCA strategy.\n\n---\n\n**Summary Action Plan:**\n\n1.  **Immediate Focus:** Identify and significantly reduce exposure to your most concentrated individual stock holdings.\n2.  **Strategic Allocation:** Reallocate a substantial portion (40-60%) of your portfolio to low-cost, broadly diversified index ETFs/mutual funds (U.S. and International).\n3.  **Asset Class Diversification:** Introduce high-quality bonds (15-25%) and a small allocation to gold (5-10%).\n4.  **Sector Expansion:** For any remaining individual stock allocation, deliberately choose companies from underrepresented sectors.\n5.  **Risk Management:** Implement Dollar-Cost Averaging for new investments and plan for periodic rebalancing.\n6.  **Data Requirement:** Moving forward, ensure you have access to comprehensive market data (economic reports, sector performance, interest rate outlook, inflation data, geopolitical events) to make more informed and timely decisions.",
  "success": true
}
